5
3
3
3
3
3
1
3
5
3
3
3
3
1
3
3
5
4
3
3
1
3
3
4
5
3
3
1
3
3
3
3
5
3
1
3
3
3
3
3
5
1
1
1
1
1
1
1
4
